// Jest Snapshot v1, https://goo.gl/fbAQLP

exports[`renders home detail 1`] = `
<DocumentFragment>
  <div
    class="MuiGrid-root MuiGrid-container"
  >
    <div
      class="MuiGrid-root MuiGrid-item MuiGrid-grid-sm-6"
    />
    <div
      class="MuiGrid-root MuiGrid-item MuiGrid-grid-xs-12 MuiGrid-grid-sm-6"
    />
  </div>
</DocumentFragment>
`;

exports[`renders learn react link 1`] = `
<DocumentFragment>
  <div
    class="MuiGrid-root MuiGrid-container"
  >
    <div
      class="MuiGrid-root MuiGrid-item MuiGrid-grid-sm-6"
    />
    <div
      class="MuiGrid-root MuiGrid-item MuiGrid-grid-xs-12 MuiGrid-grid-sm-6"
    />
  </div>
</DocumentFragment>
`;
