// Jest Snapshot v1, https://goo.gl/fbAQLP

exports[`renders episode detail 1`] = `
<DocumentFragment>
  <div
    class="MuiGrid-root MuiGrid-container"
  >
    <div
      class="MuiGrid-root MuiGrid-item MuiGrid-grid-sm-6"
    />
  </div>
</DocumentFragment>
`;
